2026-01-30 03:59:59,514 | INFO | RESUME CHECK | progress_csv=T16_extract_progress.csv | done_obs=0
2026-01-30 03:59:59,514 | INFO | START | out_store=T16_rrs_matchups_5x5.zarr progress=T16_extract_progress.csv done_obs=0 buffer_n=2 window=5 progress_flush_every=50
2026-01-30 03:59:59,514 | INFO | MEM_MB start: 2985.1
2026-01-30 03:59:59,521 | INFO | GRANULE start | PACE_OCI.20240424T210017.L2.OC_AOP.V3_1.nc | rows=1 | mem_mb=2985.08203125
2026-01-30 04:00:00,882 | INFO | WAVELENGTH set | n=172
2026-01-30 04:00:00,882 | INFO | Rrs dims=('number_of_lines', 'pixels_per_line', 'wavelength_3d') | using spatial dims: number_of_lines, pixels_per_line
2026-01-30 04:00:02,640 | INFO | GRANULE done | PACE_OCI.20240424T210017.L2.OC_AOP.V3_1.nc | written=0 skip_done=0 no_pix=1 no_spec=0
2026-01-30 04:00:02,643 | INFO | GRANULE start | PACE_OCI.20240424T210517.L2.OC_AOP.V3_1.nc | rows=1 | mem_mb=3041.43359375
2026-01-30 04:00:03,377 | INFO | Rrs dims=('number_of_lines', 'pixels_per_line', 'wavelength_3d') | using spatial dims: number_of_lines, pixels_per_line
2026-01-30 04:00:04,105 | INFO | GRANULE done | PACE_OCI.20240424T210517.L2.OC_AOP.V3_1.nc | written=0 skip_done=0 no_pix=1 no_spec=0
2026-01-30 04:00:04,108 | INFO | GRANULE start | PACE_OCI.20240521T201935.L2.OC_AOP.V3_1.nc | rows=1 | mem_mb=3069.06640625
2026-01-30 04:00:04,740 | INFO | Rrs dims=('number_of_lines', 'pixels_per_line', 'wavelength_3d') | using spatial dims: number_of_lines, pixels_per_line
2026-01-30 04:00:05,385 | INFO | GRANULE done | PACE_OCI.20240521T201935.L2.OC_AOP.V3_1.nc | written=0 skip_done=0 no_pix=1 no_spec=0
2026-01-30 04:00:05,387 | INFO | GRANULE start | PACE_OCI.20240712T205543.L2.OC_AOP.V3_1.nc | rows=1 | mem_mb=3089.56640625
2026-01-30 04:00:05,917 | INFO | Rrs dims=('number_of_lines', 'pixels_per_line', 'wavelength_3d') | using spatial dims: number_of_lines, pixels_per_line
2026-01-30 04:00:06,126 | INFO | GRANULE done | PACE_OCI.20240712T205543.L2.OC_AOP.V3_1.nc | written=0 skip_done=0 no_pix=1 no_spec=0
2026-01-30 04:00:06,129 | INFO | GRANULE start | PACE_OCI.20240731T202448.L2.OC_AOP.V3_1.nc | rows=1 | mem_mb=3114.484375
2026-01-30 04:00:06,914 | INFO | Rrs dims=('number_of_lines', 'pixels_per_line', 'wavelength_3d') | using spatial dims: number_of_lines, pixels_per_line
2026-01-30 04:00:07,826 | INFO | GRANULE done | PACE_OCI.20240731T202448.L2.OC_AOP.V3_1.nc | written=0 skip_done=0 no_pix=1 no_spec=0
2026-01-30 04:00:07,829 | INFO | GRANULE start | PACE_OCI.20240930T210357.L2.OC_AOP.V3_1.nc | rows=1 | mem_mb=3114.69140625
2026-01-30 04:00:08,722 | INFO | Rrs dims=('number_of_lines', 'pixels_per_line', 'wavelength_3d') | using spatial dims: number_of_lines, pixels_per_line
2026-01-30 04:00:11,359 | INFO | GRANULE done | PACE_OCI.20240930T210357.L2.OC_AOP.V3_1.nc | written=0 skip_done=0 no_pix=1 no_spec=0
2026-01-30 04:00:11,362 | INFO | GRANULE start | PACE_OCI.20241030T201255.L2.OC_AOP.V3_1.nc | rows=1 | mem_mb=3219.20703125
2026-01-30 04:00:11,956 | INFO | Rrs dims=('number_of_lines', 'pixels_per_line', 'wavelength_3d') | using spatial dims: number_of_lines, pixels_per_line
2026-01-30 04:00:12,957 | INFO | GRANULE done | PACE_OCI.20241030T201255.L2.OC_AOP.V3_1.nc | written=0 skip_done=0 no_pix=1 no_spec=0
2026-01-30 04:00:12,959 | INFO | GRANULE start | PACE_OCI.20241217T195245.L2.OC_AOP.V3_1.nc | rows=1 | mem_mb=3201.8828125
2026-01-30 04:00:13,487 | INFO | Rrs dims=('number_of_lines', 'pixels_per_line', 'wavelength_3d') | using spatial dims: number_of_lines, pixels_per_line
2026-01-30 04:00:13,646 | INFO | GRANULE done | PACE_OCI.20241217T195245.L2.OC_AOP.V3_1.nc | written=0 skip_done=0 no_pix=1 no_spec=0
2026-01-30 04:00:13,648 | INFO | GRANULE start | PACE_OCI.20241217T212605.L2.OC_AOP.V3_1.nc | rows=1 | mem_mb=3218.359375
2026-01-30 04:00:14,258 | INFO | Rrs dims=('number_of_lines', 'pixels_per_line', 'wavelength_3d') | using spatial dims: number_of_lines, pixels_per_line
2026-01-30 04:00:15,821 | INFO | GRANULE done | PACE_OCI.20241217T212605.L2.OC_AOP.V3_1.nc | written=0 skip_done=0 no_pix=1 no_spec=0
2026-01-30 04:00:15,824 | INFO | GRANULE start | PACE_OCI.20241217T213105.L2.OC_AOP.V3_1.nc | rows=1 | mem_mb=3234.97265625
2026-01-30 04:00:16,771 | INFO | Rrs dims=('number_of_lines', 'pixels_per_line', 'wavelength_3d') | using spatial dims: number_of_lines, pixels_per_line
2026-01-30 04:00:17,720 | INFO | GRANULE done | PACE_OCI.20241217T213105.L2.OC_AOP.V3_1.nc | written=0 skip_done=0 no_pix=1 no_spec=0
2026-01-30 04:00:17,722 | INFO | GRANULE start | PACE_OCI.20250130T204059.L2.OC_AOP.V3_1.nc | rows=1 | mem_mb=3235.09375
2026-01-30 04:00:18,279 | INFO | Rrs dims=('number_of_lines', 'pixels_per_line', 'wavelength_3d') | using spatial dims: number_of_lines, pixels_per_line
2026-01-30 04:00:18,838 | INFO | GRANULE done | PACE_OCI.20250130T204059.L2.OC_AOP.V3_1.nc | written=0 skip_done=0 no_pix=1 no_spec=0
2026-01-30 04:00:18,840 | INFO | GRANULE start | PACE_OCI.20250224T203956.L2.OC_AOP.V3_1.nc | rows=1 | mem_mb=3218.25
2026-01-30 04:00:19,787 | INFO | Rrs dims=('number_of_lines', 'pixels_per_line', 'wavelength_3d') | using spatial dims: number_of_lines, pixels_per_line
2026-01-30 04:00:20,796 | INFO | GRANULE done | PACE_OCI.20250224T203956.L2.OC_AOP.V3_1.nc | written=0 skip_done=0 no_pix=1 no_spec=0
2026-01-30 04:00:20,799 | INFO | GRANULE start | PACE_OCI.20250318T202930.L2.OC_AOP.V3_1.nc | rows=1 | mem_mb=3243.16015625
2026-01-30 04:00:21,474 | INFO | Rrs dims=('number_of_lines', 'pixels_per_line', 'wavelength_3d') | using spatial dims: number_of_lines, pixels_per_line
2026-01-30 04:00:23,377 | INFO | GRANULE done | PACE_OCI.20250318T202930.L2.OC_AOP.V3_1.nc | written=0 skip_done=0 no_pix=1 no_spec=0
2026-01-30 04:00:23,379 | INFO | GRANULE start | PACE_OCI.20250515T201104.L2.OC_AOP.V3_1.nc | rows=1 | mem_mb=3267.87109375
2026-01-30 04:00:24,119 | INFO | Rrs dims=('number_of_lines', 'pixels_per_line', 'wavelength_3d') | using spatial dims: number_of_lines, pixels_per_line
2026-01-30 04:00:24,599 | INFO | GRANULE done | PACE_OCI.20250515T201104.L2.OC_AOP.V3_1.nc | written=0 skip_done=0 no_pix=1 no_spec=0
2026-01-30 04:00:24,602 | INFO | GRANULE start | PACE_OCI.20250630T205942.L2.OC_AOP.V3_1.nc | rows=1 | mem_mb=3312.07421875
2026-01-30 04:00:25,218 | INFO | Rrs dims=('number_of_lines', 'pixels_per_line', 'wavelength_3d') | using spatial dims: number_of_lines, pixels_per_line
2026-01-30 04:00:25,522 | INFO | GRANULE done | PACE_OCI.20250630T205942.L2.OC_AOP.V3_1.nc | written=0 skip_done=0 no_pix=1 no_spec=0
2026-01-30 04:00:25,525 | INFO | GRANULE start | PACE_OCI.20250731T193439.L2.OC_AOP.V3_1.nc | rows=1 | mem_mb=3266.20703125
2026-01-30 04:00:25,977 | INFO | Rrs dims=('number_of_lines', 'pixels_per_line', 'wavelength_3d') | using spatial dims: number_of_lines, pixels_per_line
2026-01-30 04:00:26,173 | INFO | GRANULE done | PACE_OCI.20250731T193439.L2.OC_AOP.V3_1.nc | written=0 skip_done=0 no_pix=1 no_spec=0
2026-01-30 04:00:26,176 | INFO | GRANULE start | PACE_OCI.20250731T210759.L2.OC_AOP.V3_1.nc | rows=1 | mem_mb=3290.984375
2026-01-30 04:00:26,666 | INFO | Rrs dims=('number_of_lines', 'pixels_per_line', 'wavelength_3d') | using spatial dims: number_of_lines, pixels_per_line
2026-01-30 04:00:27,803 | INFO | GRANULE done | PACE_OCI.20250731T210759.L2.OC_AOP.V3_1.nc | written=0 skip_done=0 no_pix=1 no_spec=0
2026-01-30 04:00:27,805 | INFO | GRANULE start | PACE_OCI.20250926T200634.L2.OC_AOP.V3_1.nc | rows=1 | mem_mb=3307.609375
2026-01-30 04:00:28,914 | INFO | Rrs dims=('number_of_lines', 'pixels_per_line', 'wavelength_3d') | using spatial dims: number_of_lines, pixels_per_line
2026-01-30 04:00:30,736 | INFO | GRANULE done | PACE_OCI.20250926T200634.L2.OC_AOP.V3_1.nc | written=0 skip_done=0 no_pix=1 no_spec=0
2026-01-30 04:00:30,739 | INFO | GRANULE start | PACE_OCI.20250926T201134.L2.OC_AOP.V3_1.nc | rows=1 | mem_mb=3307.765625
2026-01-30 04:00:31,445 | INFO | Rrs dims=('number_of_lines', 'pixels_per_line', 'wavelength_3d') | using spatial dims: number_of_lines, pixels_per_line
2026-01-30 04:00:32,570 | INFO | GRANULE done | PACE_OCI.20250926T201134.L2.OC_AOP.V3_1.nc | written=0 skip_done=0 no_pix=1 no_spec=0
2026-01-30 04:00:32,572 | INFO | GRANULE start | PACE_OCI.20251027T201353.L2.OC_AOP.V3_1.nc | rows=1 | mem_mb=3291.25390625
2026-01-30 04:00:33,088 | INFO | Rrs dims=('number_of_lines', 'pixels_per_line', 'wavelength_3d') | using spatial dims: number_of_lines, pixels_per_line
2026-01-30 04:00:34,086 | INFO | GRANULE done | PACE_OCI.20251027T201353.L2.OC_AOP.V3_1.nc | written=0 skip_done=0 no_pix=1 no_spec=0
2026-01-30 04:00:34,088 | INFO | GRANULE start | PACE_OCI.20251125T204332.L2.OC_AOP.V3_1.nc | rows=1 | mem_mb=3316.16015625
2026-01-30 04:00:34,805 | INFO | Rrs dims=('number_of_lines', 'pixels_per_line', 'wavelength_3d') | using spatial dims: number_of_lines, pixels_per_line
2026-01-30 04:00:36,487 | INFO | GRANULE done | PACE_OCI.20251125T204332.L2.OC_AOP.V3_1.nc | written=0 skip_done=0 no_pix=1 no_spec=0
2026-01-30 04:00:36,489 | INFO | GRANULE start | PACE_OCI.20251125T204832.L2.OC_AOP.V3_1.nc | rows=1 | mem_mb=3356.18359375
2026-01-30 04:00:37,345 | INFO | Rrs dims=('number_of_lines', 'pixels_per_line', 'wavelength_3d') | using spatial dims: number_of_lines, pixels_per_line
2026-01-30 04:00:38,129 | INFO | GRANULE done | PACE_OCI.20251125T204832.L2.OC_AOP.V3_1.nc | written=0 skip_done=0 no_pix=1 no_spec=0
2026-01-30 04:00:38,131 | INFO | DONE
2026-01-30 04:00:38,132 | INFO | MEM_MB end: 3400.7
