2026-01-30 03:58:01,834 | INFO | RESUME CHECK | progress_csv=TBB_extract_progress.csv | done_obs=0
2026-01-30 03:58:01,834 | INFO | START | out_store=TBB_rrs_matchups_5x5.zarr progress=TBB_extract_progress.csv done_obs=0 buffer_n=2 window=5 progress_flush_every=50
2026-01-30 03:58:01,834 | INFO | MEM_MB start: 2213.0
2026-01-30 03:58:01,841 | INFO | GRANULE start | PACE_OCI.20240424T210017.L2.OC_AOP.V3_1.nc | rows=1 | mem_mb=2213.0390625
2026-01-30 03:58:02,801 | INFO | WAVELENGTH set | n=172
2026-01-30 03:58:02,802 | INFO | Rrs dims=('number_of_lines', 'pixels_per_line', 'wavelength_3d') | using spatial dims: number_of_lines, pixels_per_line
2026-01-30 03:58:04,528 | INFO | GRANULE done | PACE_OCI.20240424T210017.L2.OC_AOP.V3_1.nc | written=0 skip_done=0 no_pix=1 no_spec=0
2026-01-30 03:58:04,530 | INFO | GRANULE start | PACE_OCI.20240424T210517.L2.OC_AOP.V3_1.nc | rows=1 | mem_mb=2254.12890625
2026-01-30 03:58:05,409 | INFO | Rrs dims=('number_of_lines', 'pixels_per_line', 'wavelength_3d') | using spatial dims: number_of_lines, pixels_per_line
2026-01-30 03:58:06,362 | INFO | GRANULE done | PACE_OCI.20240424T210517.L2.OC_AOP.V3_1.nc | written=0 skip_done=0 no_pix=1 no_spec=0
2026-01-30 03:58:06,365 | INFO | GRANULE start | PACE_OCI.20240521T201935.L2.OC_AOP.V3_1.nc | rows=1 | mem_mb=2286.19921875
2026-01-30 03:58:07,463 | INFO | Rrs dims=('number_of_lines', 'pixels_per_line', 'wavelength_3d') | using spatial dims: number_of_lines, pixels_per_line
2026-01-30 03:58:08,408 | INFO | GRANULE done | PACE_OCI.20240521T201935.L2.OC_AOP.V3_1.nc | written=1 skip_done=0 no_pix=0 no_spec=0
2026-01-30 03:58:08,619 | INFO | STORE_FLUSH | wrote_obs=1 total_done_obs=1
2026-01-30 03:58:08,619 | INFO | MEM_MB after store flush: 2271.3
2026-01-30 03:58:08,620 | INFO | GRANULE start | PACE_OCI.20240712T205543.L2.OC_AOP.V3_1.nc | rows=1 | mem_mb=2271.30078125
2026-01-30 03:58:09,513 | INFO | Rrs dims=('number_of_lines', 'pixels_per_line', 'wavelength_3d') | using spatial dims: number_of_lines, pixels_per_line
2026-01-30 03:58:09,840 | INFO | GRANULE done | PACE_OCI.20240712T205543.L2.OC_AOP.V3_1.nc | written=0 skip_done=0 no_pix=1 no_spec=0
2026-01-30 03:58:09,843 | INFO | GRANULE start | PACE_OCI.20240731T202448.L2.OC_AOP.V3_1.nc | rows=1 | mem_mb=2271.30859375
2026-01-30 03:58:10,872 | INFO | Rrs dims=('number_of_lines', 'pixels_per_line', 'wavelength_3d') | using spatial dims: number_of_lines, pixels_per_line
2026-01-30 03:58:13,131 | INFO | GRANULE done | PACE_OCI.20240731T202448.L2.OC_AOP.V3_1.nc | written=1 skip_done=0 no_pix=0 no_spec=0
2026-01-30 03:58:13,302 | INFO | STORE_FLUSH | wrote_obs=1 total_done_obs=2
2026-01-30 03:58:13,302 | INFO | MEM_MB after store flush: 2246.0
2026-01-30 03:58:13,303 | INFO | GRANULE start | PACE_OCI.20240930T210357.L2.OC_AOP.V3_1.nc | rows=1 | mem_mb=2245.96484375
2026-01-30 03:58:14,276 | INFO | Rrs dims=('number_of_lines', 'pixels_per_line', 'wavelength_3d') | using spatial dims: number_of_lines, pixels_per_line
2026-01-30 03:58:16,783 | INFO | GRANULE done | PACE_OCI.20240930T210357.L2.OC_AOP.V3_1.nc | written=0 skip_done=0 no_pix=1 no_spec=0
2026-01-30 03:58:16,785 | INFO | GRANULE start | PACE_OCI.20241030T201255.L2.OC_AOP.V3_1.nc | rows=1 | mem_mb=2447.1171875
2026-01-30 03:58:17,620 | INFO | Rrs dims=('number_of_lines', 'pixels_per_line', 'wavelength_3d') | using spatial dims: number_of_lines, pixels_per_line
2026-01-30 03:58:19,085 | INFO | GRANULE done | PACE_OCI.20241030T201255.L2.OC_AOP.V3_1.nc | written=0 skip_done=0 no_pix=1 no_spec=0
2026-01-30 03:58:19,087 | INFO | GRANULE start | PACE_OCI.20241217T195245.L2.OC_AOP.V3_1.nc | rows=1 | mem_mb=2479.546875
2026-01-30 03:58:19,738 | INFO | Rrs dims=('number_of_lines', 'pixels_per_line', 'wavelength_3d') | using spatial dims: number_of_lines, pixels_per_line
2026-01-30 03:58:19,893 | INFO | GRANULE done | PACE_OCI.20241217T195245.L2.OC_AOP.V3_1.nc | written=0 skip_done=0 no_pix=1 no_spec=0
2026-01-30 03:58:19,895 | INFO | GRANULE start | PACE_OCI.20241217T212605.L2.OC_AOP.V3_1.nc | rows=1 | mem_mb=2496.16015625
2026-01-30 03:58:20,700 | INFO | Rrs dims=('number_of_lines', 'pixels_per_line', 'wavelength_3d') | using spatial dims: number_of_lines, pixels_per_line
2026-01-30 03:58:22,874 | INFO | GRANULE done | PACE_OCI.20241217T212605.L2.OC_AOP.V3_1.nc | written=0 skip_done=0 no_pix=1 no_spec=0
2026-01-30 03:58:22,877 | INFO | GRANULE start | PACE_OCI.20241217T213105.L2.OC_AOP.V3_1.nc | rows=1 | mem_mb=2512.94921875
2026-01-30 03:58:23,717 | INFO | Rrs dims=('number_of_lines', 'pixels_per_line', 'wavelength_3d') | using spatial dims: number_of_lines, pixels_per_line
2026-01-30 03:58:25,755 | INFO | GRANULE done | PACE_OCI.20241217T213105.L2.OC_AOP.V3_1.nc | written=0 skip_done=0 no_pix=1 no_spec=0
2026-01-30 03:58:25,757 | INFO | GRANULE start | PACE_OCI.20250130T204059.L2.OC_AOP.V3_1.nc | rows=1 | mem_mb=2521.1953125
2026-01-30 03:58:26,285 | INFO | Rrs dims=('number_of_lines', 'pixels_per_line', 'wavelength_3d') | using spatial dims: number_of_lines, pixels_per_line
2026-01-30 03:58:26,856 | INFO | GRANULE done | PACE_OCI.20250130T204059.L2.OC_AOP.V3_1.nc | written=0 skip_done=0 no_pix=1 no_spec=0
2026-01-30 03:58:26,858 | INFO | GRANULE start | PACE_OCI.20250318T202930.L2.OC_AOP.V3_1.nc | rows=1 | mem_mb=2520.84375
2026-01-30 03:58:27,589 | INFO | Rrs dims=('number_of_lines', 'pixels_per_line', 'wavelength_3d') | using spatial dims: number_of_lines, pixels_per_line
2026-01-30 03:58:29,539 | INFO | GRANULE done | PACE_OCI.20250318T202930.L2.OC_AOP.V3_1.nc | written=1 skip_done=0 no_pix=0 no_spec=0
2026-01-30 03:58:29,702 | INFO | STORE_FLUSH | wrote_obs=1 total_done_obs=3
2026-01-30 03:58:29,703 | INFO | MEM_MB after store flush: 2545.8
2026-01-30 03:58:29,704 | INFO | GRANULE start | PACE_OCI.20250515T201104.L2.OC_AOP.V3_1.nc | rows=1 | mem_mb=2545.76953125
2026-01-30 03:58:30,407 | INFO | Rrs dims=('number_of_lines', 'pixels_per_line', 'wavelength_3d') | using spatial dims: number_of_lines, pixels_per_line
2026-01-30 03:58:31,477 | INFO | GRANULE done | PACE_OCI.20250515T201104.L2.OC_AOP.V3_1.nc | written=0 skip_done=0 no_pix=1 no_spec=0
2026-01-30 03:58:31,480 | INFO | GRANULE start | PACE_OCI.20250630T205942.L2.OC_AOP.V3_1.nc | rows=1 | mem_mb=2545.78515625
2026-01-30 03:58:32,404 | INFO | Rrs dims=('number_of_lines', 'pixels_per_line', 'wavelength_3d') | using spatial dims: number_of_lines, pixels_per_line
2026-01-30 03:58:33,139 | INFO | GRANULE done | PACE_OCI.20250630T205942.L2.OC_AOP.V3_1.nc | written=0 skip_done=0 no_pix=1 no_spec=0
2026-01-30 03:58:33,142 | INFO | GRANULE start | PACE_OCI.20250731T193439.L2.OC_AOP.V3_1.nc | rows=1 | mem_mb=2512.765625
2026-01-30 03:58:33,721 | INFO | Rrs dims=('number_of_lines', 'pixels_per_line', 'wavelength_3d') | using spatial dims: number_of_lines, pixels_per_line
2026-01-30 03:58:33,862 | INFO | GRANULE done | PACE_OCI.20250731T193439.L2.OC_AOP.V3_1.nc | written=0 skip_done=0 no_pix=1 no_spec=0
2026-01-30 03:58:33,864 | INFO | GRANULE start | PACE_OCI.20250731T210759.L2.OC_AOP.V3_1.nc | rows=1 | mem_mb=2549.6640625
2026-01-30 03:58:34,900 | INFO | Rrs dims=('number_of_lines', 'pixels_per_line', 'wavelength_3d') | using spatial dims: number_of_lines, pixels_per_line
2026-01-30 03:58:37,188 | INFO | GRANULE done | PACE_OCI.20250731T210759.L2.OC_AOP.V3_1.nc | written=0 skip_done=0 no_pix=1 no_spec=0
2026-01-30 03:58:37,191 | INFO | GRANULE start | PACE_OCI.20250926T200634.L2.OC_AOP.V3_1.nc | rows=1 | mem_mb=2574.58984375
2026-01-30 03:58:37,956 | INFO | Rrs dims=('number_of_lines', 'pixels_per_line', 'wavelength_3d') | using spatial dims: number_of_lines, pixels_per_line
2026-01-30 03:58:39,335 | INFO | GRANULE done | PACE_OCI.20250926T200634.L2.OC_AOP.V3_1.nc | written=1 skip_done=0 no_pix=0 no_spec=0
2026-01-30 03:58:39,494 | INFO | STORE_FLUSH | wrote_obs=1 total_done_obs=4
2026-01-30 03:58:39,495 | INFO | MEM_MB after store flush: 2594.0
2026-01-30 03:58:39,496 | INFO | GRANULE start | PACE_OCI.20250926T201134.L2.OC_AOP.V3_1.nc | rows=1 | mem_mb=2596.1015625
2026-01-30 03:58:40,399 | INFO | Rrs dims=('number_of_lines', 'pixels_per_line', 'wavelength_3d') | using spatial dims: number_of_lines, pixels_per_line
2026-01-30 03:58:41,399 | INFO | GRANULE done | PACE_OCI.20250926T201134.L2.OC_AOP.V3_1.nc | written=0 skip_done=0 no_pix=1 no_spec=0
2026-01-30 03:58:41,402 | INFO | GRANULE start | PACE_OCI.20251027T201353.L2.OC_AOP.V3_1.nc | rows=1 | mem_mb=2651.3359375
2026-01-30 03:58:41,992 | INFO | Rrs dims=('number_of_lines', 'pixels_per_line', 'wavelength_3d') | using spatial dims: number_of_lines, pixels_per_line
2026-01-30 03:58:43,366 | INFO | GRANULE done | PACE_OCI.20251027T201353.L2.OC_AOP.V3_1.nc | written=1 skip_done=0 no_pix=0 no_spec=0
2026-01-30 03:58:43,532 | INFO | STORE_FLUSH | wrote_obs=1 total_done_obs=5
2026-01-30 03:58:43,532 | INFO | MEM_MB after store flush: 2667.1
2026-01-30 03:58:43,533 | INFO | GRANULE start | PACE_OCI.20251125T204332.L2.OC_AOP.V3_1.nc | rows=1 | mem_mb=2667.0859375
2026-01-30 03:58:44,321 | INFO | Rrs dims=('number_of_lines', 'pixels_per_line', 'wavelength_3d') | using spatial dims: number_of_lines, pixels_per_line
2026-01-30 03:58:46,177 | INFO | GRANULE done | PACE_OCI.20251125T204332.L2.OC_AOP.V3_1.nc | written=0 skip_done=0 no_pix=1 no_spec=0
2026-01-30 03:58:46,179 | INFO | GRANULE start | PACE_OCI.20251125T204832.L2.OC_AOP.V3_1.nc | rows=1 | mem_mb=2667.1015625
2026-01-30 03:58:47,217 | INFO | Rrs dims=('number_of_lines', 'pixels_per_line', 'wavelength_3d') | using spatial dims: number_of_lines, pixels_per_line
2026-01-30 03:58:47,734 | INFO | GRANULE done | PACE_OCI.20251125T204832.L2.OC_AOP.V3_1.nc | written=0 skip_done=0 no_pix=1 no_spec=0
2026-01-30 03:58:47,736 | INFO | DONE
2026-01-30 03:58:47,737 | INFO | MEM_MB end: 2675.5
2026-01-30 03:59:15,128 | INFO | RESUME CHECK | progress_csv=T00_extract_progress.csv | done_obs=0
2026-01-30 03:59:15,128 | INFO | START | out_store=T00_rrs_matchups_5x5.zarr progress=T00_extract_progress.csv done_obs=0 buffer_n=2 window=5 progress_flush_every=50
2026-01-30 03:59:15,128 | INFO | MEM_MB start: 2659.1
2026-01-30 03:59:15,136 | INFO | GRANULE start | PACE_OCI.20240421T205342.L2.OC_AOP.V3_1.nc | rows=1 | mem_mb=2659.10546875
2026-01-30 03:59:15,937 | INFO | WAVELENGTH set | n=172
2026-01-30 03:59:15,937 | INFO | Rrs dims=('number_of_lines', 'pixels_per_line', 'wavelength_3d') | using spatial dims: number_of_lines, pixels_per_line
2026-01-30 03:59:17,143 | INFO | GRANULE done | PACE_OCI.20240421T205342.L2.OC_AOP.V3_1.nc | written=1 skip_done=0 no_pix=0 no_spec=0
2026-01-30 03:59:17,356 | INFO | STORE_FLUSH | wrote_obs=1 total_done_obs=1
2026-01-30 03:59:17,356 | INFO | MEM_MB after store flush: 2659.2
2026-01-30 03:59:17,358 | INFO | GRANULE start | PACE_OCI.20240421T205842.L2.OC_AOP.V3_1.nc | rows=1 | mem_mb=2659.15625
2026-01-30 03:59:18,716 | INFO | Rrs dims=('number_of_lines', 'pixels_per_line', 'wavelength_3d') | using spatial dims: number_of_lines, pixels_per_line
2026-01-30 03:59:20,260 | INFO | GRANULE done | PACE_OCI.20240421T205842.L2.OC_AOP.V3_1.nc | written=1 skip_done=0 no_pix=0 no_spec=0
2026-01-30 03:59:20,417 | INFO | STORE_FLUSH | wrote_obs=1 total_done_obs=2
2026-01-30 03:59:20,417 | INFO | MEM_MB after store flush: 2731.8
2026-01-30 03:59:20,419 | INFO | GRANULE start | PACE_OCI.20240521T201935.L2.OC_AOP.V3_1.nc | rows=1 | mem_mb=2731.76171875
2026-01-30 03:59:21,073 | INFO | Rrs dims=('number_of_lines', 'pixels_per_line', 'wavelength_3d') | using spatial dims: number_of_lines, pixels_per_line
2026-01-30 03:59:21,781 | INFO | GRANULE done | PACE_OCI.20240521T201935.L2.OC_AOP.V3_1.nc | written=1 skip_done=0 no_pix=0 no_spec=0
2026-01-30 03:59:21,950 | INFO | STORE_FLUSH | wrote_obs=1 total_done_obs=3
2026-01-30 03:59:21,950 | INFO | MEM_MB after store flush: 2796.2
2026-01-30 03:59:21,952 | INFO | GRANULE start | PACE_OCI.20240712T205543.L2.OC_AOP.V3_1.nc | rows=1 | mem_mb=2796.1875
2026-01-30 03:59:22,563 | INFO | Rrs dims=('number_of_lines', 'pixels_per_line', 'wavelength_3d') | using spatial dims: number_of_lines, pixels_per_line
2026-01-30 03:59:22,868 | INFO | GRANULE done | PACE_OCI.20240712T205543.L2.OC_AOP.V3_1.nc | written=0 skip_done=0 no_pix=1 no_spec=0
2026-01-30 03:59:22,871 | INFO | GRANULE start | PACE_OCI.20240731T202448.L2.OC_AOP.V3_1.nc | rows=1 | mem_mb=2808.2578125
2026-01-30 03:59:23,669 | INFO | Rrs dims=('number_of_lines', 'pixels_per_line', 'wavelength_3d') | using spatial dims: number_of_lines, pixels_per_line
2026-01-30 03:59:25,315 | INFO | GRANULE done | PACE_OCI.20240731T202448.L2.OC_AOP.V3_1.nc | written=0 skip_done=0 no_pix=1 no_spec=0
2026-01-30 03:59:25,318 | INFO | GRANULE start | PACE_OCI.20240930T210357.L2.OC_AOP.V3_1.nc | rows=1 | mem_mb=2808.453125
2026-01-30 03:59:26,138 | INFO | Rrs dims=('number_of_lines', 'pixels_per_line', 'wavelength_3d') | using spatial dims: number_of_lines, pixels_per_line
2026-01-30 03:59:28,009 | INFO | GRANULE done | PACE_OCI.20240930T210357.L2.OC_AOP.V3_1.nc | written=1 skip_done=0 no_pix=0 no_spec=0
2026-01-30 03:59:28,182 | INFO | STORE_FLUSH | wrote_obs=1 total_done_obs=4
2026-01-30 03:59:28,183 | INFO | MEM_MB after store flush: 2889.0
2026-01-30 03:59:28,184 | INFO | GRANULE start | PACE_OCI.20241030T201255.L2.OC_AOP.V3_1.nc | rows=1 | mem_mb=2888.9765625
2026-01-30 03:59:28,975 | INFO | Rrs dims=('number_of_lines', 'pixels_per_line', 'wavelength_3d') | using spatial dims: number_of_lines, pixels_per_line
2026-01-30 03:59:30,699 | INFO | GRANULE done | PACE_OCI.20241030T201255.L2.OC_AOP.V3_1.nc | written=0 skip_done=0 no_pix=1 no_spec=0
2026-01-30 03:59:30,702 | INFO | GRANULE start | PACE_OCI.20241217T195245.L2.OC_AOP.V3_1.nc | rows=1 | mem_mb=3001.36328125
2026-01-30 03:59:31,216 | INFO | Rrs dims=('number_of_lines', 'pixels_per_line', 'wavelength_3d') | using spatial dims: number_of_lines, pixels_per_line
2026-01-30 03:59:31,374 | INFO | GRANULE done | PACE_OCI.20241217T195245.L2.OC_AOP.V3_1.nc | written=1 skip_done=0 no_pix=0 no_spec=0
2026-01-30 03:59:31,543 | INFO | STORE_FLUSH | wrote_obs=1 total_done_obs=5
2026-01-30 03:59:31,543 | INFO | MEM_MB after store flush: 2984.8
2026-01-30 03:59:31,545 | INFO | GRANULE start | PACE_OCI.20241217T212605.L2.OC_AOP.V3_1.nc | rows=1 | mem_mb=2984.8203125
2026-01-30 03:59:32,162 | INFO | Rrs dims=('number_of_lines', 'pixels_per_line', 'wavelength_3d') | using spatial dims: number_of_lines, pixels_per_line
2026-01-30 03:59:33,986 | INFO | GRANULE done | PACE_OCI.20241217T212605.L2.OC_AOP.V3_1.nc | written=0 skip_done=0 no_pix=1 no_spec=0
2026-01-30 03:59:33,989 | INFO | GRANULE start | PACE_OCI.20241217T213105.L2.OC_AOP.V3_1.nc | rows=1 | mem_mb=3001.44140625
2026-01-30 03:59:34,872 | INFO | Rrs dims=('number_of_lines', 'pixels_per_line', 'wavelength_3d') | using spatial dims: number_of_lines, pixels_per_line
2026-01-30 03:59:35,727 | INFO | GRANULE done | PACE_OCI.20241217T213105.L2.OC_AOP.V3_1.nc | written=1 skip_done=0 no_pix=0 no_spec=0
2026-01-30 03:59:35,897 | INFO | STORE_FLUSH | wrote_obs=1 total_done_obs=6
2026-01-30 03:59:35,897 | INFO | MEM_MB after store flush: 2960.4
2026-01-30 03:59:35,899 | INFO | GRANULE start | PACE_OCI.20250130T204059.L2.OC_AOP.V3_1.nc | rows=1 | mem_mb=2960.44140625
2026-01-30 03:59:36,470 | INFO | Rrs dims=('number_of_lines', 'pixels_per_line', 'wavelength_3d') | using spatial dims: number_of_lines, pixels_per_line
2026-01-30 03:59:37,006 | INFO | GRANULE done | PACE_OCI.20250130T204059.L2.OC_AOP.V3_1.nc | written=0 skip_done=0 no_pix=1 no_spec=0
2026-01-30 03:59:37,009 | INFO | GRANULE start | PACE_OCI.20250318T202930.L2.OC_AOP.V3_1.nc | rows=1 | mem_mb=2976.91796875
2026-01-30 03:59:37,830 | INFO | Rrs dims=('number_of_lines', 'pixels_per_line', 'wavelength_3d') | using spatial dims: number_of_lines, pixels_per_line
2026-01-30 03:59:40,151 | INFO | GRANULE done | PACE_OCI.20250318T202930.L2.OC_AOP.V3_1.nc | written=1 skip_done=0 no_pix=0 no_spec=0
2026-01-30 03:59:40,324 | INFO | STORE_FLUSH | wrote_obs=1 total_done_obs=7
2026-01-30 03:59:40,325 | INFO | MEM_MB after store flush: 3001.8
2026-01-30 03:59:40,326 | INFO | GRANULE start | PACE_OCI.20250515T201104.L2.OC_AOP.V3_1.nc | rows=1 | mem_mb=3001.83203125
2026-01-30 03:59:40,877 | INFO | Rrs dims=('number_of_lines', 'pixels_per_line', 'wavelength_3d') | using spatial dims: number_of_lines, pixels_per_line
2026-01-30 03:59:41,380 | INFO | GRANULE done | PACE_OCI.20250515T201104.L2.OC_AOP.V3_1.nc | written=0 skip_done=0 no_pix=1 no_spec=0
2026-01-30 03:59:41,383 | INFO | GRANULE start | PACE_OCI.20250630T205942.L2.OC_AOP.V3_1.nc | rows=1 | mem_mb=3013.83984375
2026-01-30 03:59:42,024 | INFO | Rrs dims=('number_of_lines', 'pixels_per_line', 'wavelength_3d') | using spatial dims: number_of_lines, pixels_per_line
2026-01-30 03:59:42,336 | INFO | GRANULE done | PACE_OCI.20250630T205942.L2.OC_AOP.V3_1.nc | written=1 skip_done=0 no_pix=0 no_spec=0
2026-01-30 03:59:42,508 | INFO | STORE_FLUSH | wrote_obs=1 total_done_obs=8
2026-01-30 03:59:42,509 | INFO | MEM_MB after store flush: 2984.5
2026-01-30 03:59:42,510 | INFO | GRANULE start | PACE_OCI.20250731T193439.L2.OC_AOP.V3_1.nc | rows=1 | mem_mb=2984.5078125
2026-01-30 03:59:43,293 | INFO | Rrs dims=('number_of_lines', 'pixels_per_line', 'wavelength_3d') | using spatial dims: number_of_lines, pixels_per_line
2026-01-30 03:59:43,433 | INFO | GRANULE done | PACE_OCI.20250731T193439.L2.OC_AOP.V3_1.nc | written=0 skip_done=0 no_pix=1 no_spec=0
2026-01-30 03:59:43,435 | INFO | GRANULE start | PACE_OCI.20250731T210759.L2.OC_AOP.V3_1.nc | rows=1 | mem_mb=3000.9921875
2026-01-30 03:59:44,024 | INFO | Rrs dims=('number_of_lines', 'pixels_per_line', 'wavelength_3d') | using spatial dims: number_of_lines, pixels_per_line
2026-01-30 03:59:45,518 | INFO | GRANULE done | PACE_OCI.20250731T210759.L2.OC_AOP.V3_1.nc | written=0 skip_done=0 no_pix=1 no_spec=0
2026-01-30 03:59:45,521 | INFO | GRANULE start | PACE_OCI.20251027T201353.L2.OC_AOP.V3_1.nc | rows=1 | mem_mb=3026.05859375
2026-01-30 03:59:46,170 | INFO | Rrs dims=('number_of_lines', 'pixels_per_line', 'wavelength_3d') | using spatial dims: number_of_lines, pixels_per_line
2026-01-30 03:59:47,231 | INFO | GRANULE done | PACE_OCI.20251027T201353.L2.OC_AOP.V3_1.nc | written=1 skip_done=0 no_pix=0 no_spec=0
2026-01-30 03:59:47,404 | INFO | STORE_FLUSH | wrote_obs=1 total_done_obs=9
2026-01-30 03:59:47,404 | INFO | MEM_MB after store flush: 3043.0
2026-01-30 03:59:47,405 | INFO | GRANULE start | PACE_OCI.20251125T204332.L2.OC_AOP.V3_1.nc | rows=1 | mem_mb=3043.015625
2026-01-30 03:59:48,091 | INFO | Rrs dims=('number_of_lines', 'pixels_per_line', 'wavelength_3d') | using spatial dims: number_of_lines, pixels_per_line
2026-01-30 03:59:49,302 | INFO | GRANULE done | PACE_OCI.20251125T204332.L2.OC_AOP.V3_1.nc | written=0 skip_done=0 no_pix=1 no_spec=0
2026-01-30 03:59:49,304 | INFO | DONE
2026-01-30 03:59:49,305 | INFO | MEM_MB end: 2985.1
2026-01-30 03:59:59,514 | INFO | RESUME CHECK | progress_csv=T16_extract_progress.csv | done_obs=0
2026-01-30 03:59:59,514 | INFO | START | out_store=T16_rrs_matchups_5x5.zarr progress=T16_extract_progress.csv done_obs=0 buffer_n=2 window=5 progress_flush_every=50
2026-01-30 03:59:59,514 | INFO | MEM_MB start: 2985.1
2026-01-30 03:59:59,521 | INFO | GRANULE start | PACE_OCI.20240424T210017.L2.OC_AOP.V3_1.nc | rows=1 | mem_mb=2985.08203125
2026-01-30 04:00:00,882 | INFO | WAVELENGTH set | n=172
2026-01-30 04:00:00,882 | INFO | Rrs dims=('number_of_lines', 'pixels_per_line', 'wavelength_3d') | using spatial dims: number_of_lines, pixels_per_line
2026-01-30 04:00:02,640 | INFO | GRANULE done | PACE_OCI.20240424T210017.L2.OC_AOP.V3_1.nc | written=0 skip_done=0 no_pix=1 no_spec=0
2026-01-30 04:00:02,643 | INFO | GRANULE start | PACE_OCI.20240424T210517.L2.OC_AOP.V3_1.nc | rows=1 | mem_mb=3041.43359375
2026-01-30 04:00:03,377 | INFO | Rrs dims=('number_of_lines', 'pixels_per_line', 'wavelength_3d') | using spatial dims: number_of_lines, pixels_per_line
2026-01-30 04:00:04,105 | INFO | GRANULE done | PACE_OCI.20240424T210517.L2.OC_AOP.V3_1.nc | written=0 skip_done=0 no_pix=1 no_spec=0
2026-01-30 04:00:04,108 | INFO | GRANULE start | PACE_OCI.20240521T201935.L2.OC_AOP.V3_1.nc | rows=1 | mem_mb=3069.06640625
2026-01-30 04:00:04,740 | INFO | Rrs dims=('number_of_lines', 'pixels_per_line', 'wavelength_3d') | using spatial dims: number_of_lines, pixels_per_line
2026-01-30 04:00:05,385 | INFO | GRANULE done | PACE_OCI.20240521T201935.L2.OC_AOP.V3_1.nc | written=0 skip_done=0 no_pix=1 no_spec=0
2026-01-30 04:00:05,387 | INFO | GRANULE start | PACE_OCI.20240712T205543.L2.OC_AOP.V3_1.nc | rows=1 | mem_mb=3089.56640625
2026-01-30 04:00:05,917 | INFO | Rrs dims=('number_of_lines', 'pixels_per_line', 'wavelength_3d') | using spatial dims: number_of_lines, pixels_per_line
2026-01-30 04:00:06,126 | INFO | GRANULE done | PACE_OCI.20240712T205543.L2.OC_AOP.V3_1.nc | written=0 skip_done=0 no_pix=1 no_spec=0
2026-01-30 04:00:06,129 | INFO | GRANULE start | PACE_OCI.20240731T202448.L2.OC_AOP.V3_1.nc | rows=1 | mem_mb=3114.484375
2026-01-30 04:00:06,914 | INFO | Rrs dims=('number_of_lines', 'pixels_per_line', 'wavelength_3d') | using spatial dims: number_of_lines, pixels_per_line
2026-01-30 04:00:07,826 | INFO | GRANULE done | PACE_OCI.20240731T202448.L2.OC_AOP.V3_1.nc | written=0 skip_done=0 no_pix=1 no_spec=0
2026-01-30 04:00:07,829 | INFO | GRANULE start | PACE_OCI.20240930T210357.L2.OC_AOP.V3_1.nc | rows=1 | mem_mb=3114.69140625
2026-01-30 04:00:08,722 | INFO | Rrs dims=('number_of_lines', 'pixels_per_line', 'wavelength_3d') | using spatial dims: number_of_lines, pixels_per_line
2026-01-30 04:00:11,359 | INFO | GRANULE done | PACE_OCI.20240930T210357.L2.OC_AOP.V3_1.nc | written=0 skip_done=0 no_pix=1 no_spec=0
2026-01-30 04:00:11,362 | INFO | GRANULE start | PACE_OCI.20241030T201255.L2.OC_AOP.V3_1.nc | rows=1 | mem_mb=3219.20703125
2026-01-30 04:00:11,956 | INFO | Rrs dims=('number_of_lines', 'pixels_per_line', 'wavelength_3d') | using spatial dims: number_of_lines, pixels_per_line
2026-01-30 04:00:12,957 | INFO | GRANULE done | PACE_OCI.20241030T201255.L2.OC_AOP.V3_1.nc | written=0 skip_done=0 no_pix=1 no_spec=0
2026-01-30 04:00:12,959 | INFO | GRANULE start | PACE_OCI.20241217T195245.L2.OC_AOP.V3_1.nc | rows=1 | mem_mb=3201.8828125
2026-01-30 04:00:13,487 | INFO | Rrs dims=('number_of_lines', 'pixels_per_line', 'wavelength_3d') | using spatial dims: number_of_lines, pixels_per_line
2026-01-30 04:00:13,646 | INFO | GRANULE done | PACE_OCI.20241217T195245.L2.OC_AOP.V3_1.nc | written=0 skip_done=0 no_pix=1 no_spec=0
2026-01-30 04:00:13,648 | INFO | GRANULE start | PACE_OCI.20241217T212605.L2.OC_AOP.V3_1.nc | rows=1 | mem_mb=3218.359375
2026-01-30 04:00:14,258 | INFO | Rrs dims=('number_of_lines', 'pixels_per_line', 'wavelength_3d') | using spatial dims: number_of_lines, pixels_per_line
2026-01-30 04:00:15,821 | INFO | GRANULE done | PACE_OCI.20241217T212605.L2.OC_AOP.V3_1.nc | written=0 skip_done=0 no_pix=1 no_spec=0
2026-01-30 04:00:15,824 | INFO | GRANULE start | PACE_OCI.20241217T213105.L2.OC_AOP.V3_1.nc | rows=1 | mem_mb=3234.97265625
2026-01-30 04:00:16,771 | INFO | Rrs dims=('number_of_lines', 'pixels_per_line', 'wavelength_3d') | using spatial dims: number_of_lines, pixels_per_line
2026-01-30 04:00:17,720 | INFO | GRANULE done | PACE_OCI.20241217T213105.L2.OC_AOP.V3_1.nc | written=0 skip_done=0 no_pix=1 no_spec=0
2026-01-30 04:00:17,722 | INFO | GRANULE start | PACE_OCI.20250130T204059.L2.OC_AOP.V3_1.nc | rows=1 | mem_mb=3235.09375
2026-01-30 04:00:18,279 | INFO | Rrs dims=('number_of_lines', 'pixels_per_line', 'wavelength_3d') | using spatial dims: number_of_lines, pixels_per_line
2026-01-30 04:00:18,838 | INFO | GRANULE done | PACE_OCI.20250130T204059.L2.OC_AOP.V3_1.nc | written=0 skip_done=0 no_pix=1 no_spec=0
2026-01-30 04:00:18,840 | INFO | GRANULE start | PACE_OCI.20250224T203956.L2.OC_AOP.V3_1.nc | rows=1 | mem_mb=3218.25
2026-01-30 04:00:19,787 | INFO | Rrs dims=('number_of_lines', 'pixels_per_line', 'wavelength_3d') | using spatial dims: number_of_lines, pixels_per_line
2026-01-30 04:00:20,796 | INFO | GRANULE done | PACE_OCI.20250224T203956.L2.OC_AOP.V3_1.nc | written=0 skip_done=0 no_pix=1 no_spec=0
2026-01-30 04:00:20,799 | INFO | GRANULE start | PACE_OCI.20250318T202930.L2.OC_AOP.V3_1.nc | rows=1 | mem_mb=3243.16015625
2026-01-30 04:00:21,474 | INFO | Rrs dims=('number_of_lines', 'pixels_per_line', 'wavelength_3d') | using spatial dims: number_of_lines, pixels_per_line
2026-01-30 04:00:23,377 | INFO | GRANULE done | PACE_OCI.20250318T202930.L2.OC_AOP.V3_1.nc | written=0 skip_done=0 no_pix=1 no_spec=0
2026-01-30 04:00:23,379 | INFO | GRANULE start | PACE_OCI.20250515T201104.L2.OC_AOP.V3_1.nc | rows=1 | mem_mb=3267.87109375
2026-01-30 04:00:24,119 | INFO | Rrs dims=('number_of_lines', 'pixels_per_line', 'wavelength_3d') | using spatial dims: number_of_lines, pixels_per_line
2026-01-30 04:00:24,599 | INFO | GRANULE done | PACE_OCI.20250515T201104.L2.OC_AOP.V3_1.nc | written=0 skip_done=0 no_pix=1 no_spec=0
2026-01-30 04:00:24,602 | INFO | GRANULE start | PACE_OCI.20250630T205942.L2.OC_AOP.V3_1.nc | rows=1 | mem_mb=3312.07421875
2026-01-30 04:00:25,218 | INFO | Rrs dims=('number_of_lines', 'pixels_per_line', 'wavelength_3d') | using spatial dims: number_of_lines, pixels_per_line
2026-01-30 04:00:25,522 | INFO | GRANULE done | PACE_OCI.20250630T205942.L2.OC_AOP.V3_1.nc | written=0 skip_done=0 no_pix=1 no_spec=0
2026-01-30 04:00:25,525 | INFO | GRANULE start | PACE_OCI.20250731T193439.L2.OC_AOP.V3_1.nc | rows=1 | mem_mb=3266.20703125
2026-01-30 04:00:25,977 | INFO | Rrs dims=('number_of_lines', 'pixels_per_line', 'wavelength_3d') | using spatial dims: number_of_lines, pixels_per_line
2026-01-30 04:00:26,173 | INFO | GRANULE done | PACE_OCI.20250731T193439.L2.OC_AOP.V3_1.nc | written=0 skip_done=0 no_pix=1 no_spec=0
2026-01-30 04:00:26,176 | INFO | GRANULE start | PACE_OCI.20250731T210759.L2.OC_AOP.V3_1.nc | rows=1 | mem_mb=3290.984375
2026-01-30 04:00:26,666 | INFO | Rrs dims=('number_of_lines', 'pixels_per_line', 'wavelength_3d') | using spatial dims: number_of_lines, pixels_per_line
2026-01-30 04:00:27,803 | INFO | GRANULE done | PACE_OCI.20250731T210759.L2.OC_AOP.V3_1.nc | written=0 skip_done=0 no_pix=1 no_spec=0
2026-01-30 04:00:27,805 | INFO | GRANULE start | PACE_OCI.20250926T200634.L2.OC_AOP.V3_1.nc | rows=1 | mem_mb=3307.609375
2026-01-30 04:00:28,914 | INFO | Rrs dims=('number_of_lines', 'pixels_per_line', 'wavelength_3d') | using spatial dims: number_of_lines, pixels_per_line
2026-01-30 04:00:30,736 | INFO | GRANULE done | PACE_OCI.20250926T200634.L2.OC_AOP.V3_1.nc | written=0 skip_done=0 no_pix=1 no_spec=0
2026-01-30 04:00:30,739 | INFO | GRANULE start | PACE_OCI.20250926T201134.L2.OC_AOP.V3_1.nc | rows=1 | mem_mb=3307.765625
2026-01-30 04:00:31,445 | INFO | Rrs dims=('number_of_lines', 'pixels_per_line', 'wavelength_3d') | using spatial dims: number_of_lines, pixels_per_line
2026-01-30 04:00:32,570 | INFO | GRANULE done | PACE_OCI.20250926T201134.L2.OC_AOP.V3_1.nc | written=0 skip_done=0 no_pix=1 no_spec=0
2026-01-30 04:00:32,572 | INFO | GRANULE start | PACE_OCI.20251027T201353.L2.OC_AOP.V3_1.nc | rows=1 | mem_mb=3291.25390625
2026-01-30 04:00:33,088 | INFO | Rrs dims=('number_of_lines', 'pixels_per_line', 'wavelength_3d') | using spatial dims: number_of_lines, pixels_per_line
2026-01-30 04:00:34,086 | INFO | GRANULE done | PACE_OCI.20251027T201353.L2.OC_AOP.V3_1.nc | written=0 skip_done=0 no_pix=1 no_spec=0
2026-01-30 04:00:34,088 | INFO | GRANULE start | PACE_OCI.20251125T204332.L2.OC_AOP.V3_1.nc | rows=1 | mem_mb=3316.16015625
2026-01-30 04:00:34,805 | INFO | Rrs dims=('number_of_lines', 'pixels_per_line', 'wavelength_3d') | using spatial dims: number_of_lines, pixels_per_line
2026-01-30 04:00:36,487 | INFO | GRANULE done | PACE_OCI.20251125T204332.L2.OC_AOP.V3_1.nc | written=0 skip_done=0 no_pix=1 no_spec=0
2026-01-30 04:00:36,489 | INFO | GRANULE start | PACE_OCI.20251125T204832.L2.OC_AOP.V3_1.nc | rows=1 | mem_mb=3356.18359375
2026-01-30 04:00:37,345 | INFO | Rrs dims=('number_of_lines', 'pixels_per_line', 'wavelength_3d') | using spatial dims: number_of_lines, pixels_per_line
2026-01-30 04:00:38,129 | INFO | GRANULE done | PACE_OCI.20251125T204832.L2.OC_AOP.V3_1.nc | written=0 skip_done=0 no_pix=1 no_spec=0
2026-01-30 04:00:38,131 | INFO | DONE
2026-01-30 04:00:38,132 | INFO | MEM_MB end: 3400.7
